/home/aman/Desktop/HAAR-Cascade-Creator-OpenCV/test_2/p/36.png 1 0 0 252 293
/home/aman/Desktop/HAAR-Cascade-Creator-OpenCV/test_2/p/20.png 1 0 0 252 293
/home/aman/Desktop/HAAR-Cascade-Creator-OpenCV/test_2/p/33.png 1 0 0 252 293
/home/aman/Desktop/HAAR-Cascade-Creator-OpenCV/test_2/p/38.png 1 0 0 252 293
/home/aman/Desktop/HAAR-Cascade-Creator-OpenCV/test_2/p/42.png 1 0 0 252 293
/home/aman/Desktop/HAAR-Cascade-Creator-OpenCV/test_2/p/19.png 1 0 0 252 293
/home/aman/Desktop/HAAR-Cascade-Creator-OpenCV/test_2/p/34.png 1 0 0 252 293
/home/aman/Desktop/HAAR-Cascade-Creator-OpenCV/test_2/p/40.png 1 0 0 252 293
/home/aman/Desktop/HAAR-Cascade-Creator-OpenCV/test_2/p/6.png 1 0 0 252 293
/home/aman/Desktop/HAAR-Cascade-Creator-OpenCV/test_2/p/2.png 1 0 0 252 293
/home/aman/Desktop/HAAR-Cascade-Creator-OpenCV/test_2/p/41.png 1 0 0 252 293
/home/aman/Desktop/HAAR-Cascade-Creator-OpenCV/test_2/p/16.png 1 0 0 252 293
/home/aman/Desktop/HAAR-Cascade-Creator-OpenCV/test_2/p/37.png 1 0 0 252 293
/home/aman/Desktop/HAAR-Cascade-Creator-OpenCV/test_2/p/39.png 1 0 0 252 293
/home/aman/Desktop/HAAR-Cascade-Creator-OpenCV/test_2/p/28.png 1 0 0 252 293
/home/aman/Desktop/HAAR-Cascade-Creator-OpenCV/test_2/p/24.png 1 0 0 252 293
/home/aman/Desktop/HAAR-Cascade-Creator-OpenCV/test_2/p/13.png 1 0 0 252 293
/home/aman/Desktop/HAAR-Cascade-Creator-OpenCV/test_2/p/17.png 1 0 0 252 293
/home/aman/Desktop/HAAR-Cascade-Creator-OpenCV/test_2/p/3.png 1 0 0 252 293
/home/aman/Desktop/HAAR-Cascade-Creator-OpenCV/test_2/p/31.png 1 0 0 252 293
/home/aman/Desktop/HAAR-Cascade-Creator-OpenCV/test_2/p/43.png 1 0 0 252 293
/home/aman/Desktop/HAAR-Cascade-Creator-OpenCV/test_2/p/7.png 1 0 0 252 293
/home/aman/Desktop/HAAR-Cascade-Creator-OpenCV/test_2/p/22.png 1 0 0 252 293
/home/aman/Desktop/HAAR-Cascade-Creator-OpenCV/test_2/p/15.png 1 0 0 252 293
/home/aman/Desktop/HAAR-Cascade-Creator-OpenCV/test_2/p/face.png 1 0 0 252 293
/home/aman/Desktop/HAAR-Cascade-Creator-OpenCV/test_2/p/35.png 1 0 0 252 293
/home/aman/Desktop/HAAR-Cascade-Creator-OpenCV/test_2/p/30.png 1 0 0 252 293
/home/aman/Desktop/HAAR-Cascade-Creator-OpenCV/test_2/p/29.png 1 0 0 252 293
/home/aman/Desktop/HAAR-Cascade-Creator-OpenCV/test_2/p/11.png 1 0 0 252 293
/home/aman/Desktop/HAAR-Cascade-Creator-OpenCV/test_2/p/32.png 1 0 0 252 293
/home/aman/Desktop/HAAR-Cascade-Creator-OpenCV/test_2/p/23.png 1 0 0 252 293
/home/aman/Desktop/HAAR-Cascade-Creator-OpenCV/test_2/p/26.png 1 0 0 252 293
/home/aman/Desktop/HAAR-Cascade-Creator-OpenCV/test_2/p/0.png 1 0 0 252 293
/home/aman/Desktop/HAAR-Cascade-Creator-OpenCV/test_2/p/47.png 1 0 0 252 293
/home/aman/Desktop/HAAR-Cascade-Creator-OpenCV/test_2/p/45.png 1 0 0 252 293
/home/aman/Desktop/HAAR-Cascade-Creator-OpenCV/test_2/p/27.png 1 0 0 252 293
/home/aman/Desktop/HAAR-Cascade-Creator-OpenCV/test_2/p/9.png 1 0 0 252 293
/home/aman/Desktop/HAAR-Cascade-Creator-OpenCV/test_2/p/49.png 1 0 0 252 293
/home/aman/Desktop/HAAR-Cascade-Creator-OpenCV/test_2/p/8.png 1 0 0 252 293
/home/aman/Desktop/HAAR-Cascade-Creator-OpenCV/test_2/p/18.png 1 0 0 252 293
/home/aman/Desktop/HAAR-Cascade-Creator-OpenCV/test_2/p/46.png 1 0 0 252 293
/home/aman/Desktop/HAAR-Cascade-Creator-OpenCV/test_2/p/21.png 1 0 0 252 293
/home/aman/Desktop/HAAR-Cascade-Creator-OpenCV/test_2/p/12.png 1 0 0 252 293
/home/aman/Desktop/HAAR-Cascade-Creator-OpenCV/test_2/p/44.png 1 0 0 252 293
/home/aman/Desktop/HAAR-Cascade-Creator-OpenCV/test_2/p/5.png 1 0 0 252 293
/home/aman/Desktop/HAAR-Cascade-Creator-OpenCV/test_2/p/14.png 1 0 0 252 293
/home/aman/Desktop/HAAR-Cascade-Creator-OpenCV/test_2/p/25.png 1 0 0 252 293
/home/aman/Desktop/HAAR-Cascade-Creator-OpenCV/test_2/p/1.png 1 0 0 252 293
/home/aman/Desktop/HAAR-Cascade-Creator-OpenCV/test_2/p/10.png 1 0 0 252 293
/home/aman/Desktop/HAAR-Cascade-Creator-OpenCV/test_2/p/48.png 1 0 0 252 293
/home/aman/Desktop/HAAR-Cascade-Creator-OpenCV/test_2/p/4.png 1 0 0 252 293
